// Jest Snapshot v1, https://goo.gl/fbAQLP

exports[`Test in <GifItem /> Debe hacer match con el snapshot  1`] = `
<div>
  <div
    class="card"
  >
    <img
      alt="Saddie"
      src="https://assetsnffrgf-a.akamaihd.net/assets/m/2015730/univ/art/2015730_univ_lsr_xl.jpg"
    />
    <p>
      Saddie
    </p>
  </div>
</div>
`;
